=== START missing exprnd rerun ===
JobID: 21465095
Node:  gt0907
Start: Thu Jul 23 14:46:16 CEST 2026
CWD:   /users/kdm/jpy/SimMPI_test/spike-train-mc


=== MISSING POINT 1/7: b0_beta0p2_sdel4p5 beta=0.2 sdel=4.5 seed=100201 ===
run_phase_diagram POST_AUDIT_2026-07
/users/kdm/jpy/SimMPI_test/spike-train-mc
SAVE_MODE = RAM_THEN_SAVE_V73
START 23-Jul-2026 14:46:25 pwd=/users/kdm/jpy/SimMPI_test/spike-train-mc out_file=/users/kdm/jpy/SimMPI_test/spike-train-mc/results/raw/missing_exprnd_fix/b0_beta0p2_sdel4p5_phase.mat nb=1 ns=1 T=500 SLURM_JOB_ID=21465095
GRID: beta_min=0.2 beta_max=0.2 beta_step=0.2 nb=1
SNAPSHOT: do_snap=1 n_snap=10000 max_snaps=10
--- ENTER ib=1/1 beta=0.2 ---
ib=1/1 beta=0.2  is=1/1 sdel=4.5 ... mean delay = 5.0718   delay std = 4.33216
xstats(min=0 max=4 mean=1) OK E=-13 acc=0.980 snaps=10
--- finished beta index 1/1 ---
ABOUT_TO_SAVE: ok_sum=1/1 E_finite=1/1 x_nnz=302/500
DIAG: spike_count_ok=1/1 refractory_ok=1/1 accept_rate finite=1/1
SNAP_DIAG: total_snaps=10 max_snaps_per_cell=10
E_final finite min/max (if any): -13 / -13
WROTE /users/kdm/jpy/SimMPI_test/spike-train-mc/results/raw/missing_exprnd_fix/b0_beta0p2_sdel4p5_Efinal.txt
ABOUT_TO_SAVE_MAT /users/kdm/jpy/SimMPI_test/spike-train-mc/results/raw/missing_exprnd_fix/b0_beta0p2_sdel4p5_phase.mat
SAVE_DONE /users/kdm/jpy/SimMPI_test/spike-train-mc/results/raw/missing_exprnd_fix/b0_beta0p2_sdel4p5_phase.mat

=== MISSING POINT 2/7: b0_beta1p8_sdel4p5 beta=1.8 sdel=4.5 seed=101801 ===
run_phase_diagram POST_AUDIT_2026-07
/users/kdm/jpy/SimMPI_test/spike-train-mc
SAVE_MODE = RAM_THEN_SAVE_V73
START 23-Jul-2026 14:57:38 pwd=/users/kdm/jpy/SimMPI_test/spike-train-mc out_file=/users/kdm/jpy/SimMPI_test/spike-train-mc/results/raw/missing_exprnd_fix/b0_beta1p8_sdel4p5_phase.mat nb=1 ns=1 T=500 SLURM_JOB_ID=21465095
GRID: beta_min=1.8 beta_max=1.8 beta_step=0.2 nb=1
SNAPSHOT: do_snap=1 n_snap=10000 max_snaps=10
--- ENTER ib=1/1 beta=1.8 ---
ib=1/1 beta=1.8  is=1/1 sdel=4.5 ... exp*
mean delay = 5.11706   delay std = 4.55673
xstats(min=0 max=6 mean=1) OK E=-158 acc=0.622 snaps=10
--- finished beta index 1/1 ---
ABOUT_TO_SAVE: ok_sum=1/1 E_finite=1/1 x_nnz=285/500
DIAG: spike_count_ok=1/1 refractory_ok=1/1 accept_rate finite=1/1
SNAP_DIAG: total_snaps=10 max_snaps_per_cell=10
E_final finite min/max (if any): -158 / -158
WROTE /users/kdm/jpy/SimMPI_test/spike-train-mc/results/raw/missing_exprnd_fix/b0_beta1p8_sdel4p5_Efinal.txt
ABOUT_TO_SAVE_MAT /users/kdm/jpy/SimMPI_test/spike-train-mc/results/raw/missing_exprnd_fix/b0_beta1p8_sdel4p5_phase.mat
SAVE_DONE /users/kdm/jpy/SimMPI_test/spike-train-mc/results/raw/missing_exprnd_fix/b0_beta1p8_sdel4p5_phase.mat

=== MISSING POINT 3/7: b0_beta2p0_sdel4p5 beta=2 sdel=4.5 seed=102001 ===
run_phase_diagram POST_AUDIT_2026-07
/users/kdm/jpy/SimMPI_test/spike-train-mc
SAVE_MODE = RAM_THEN_SAVE_V73
START 23-Jul-2026 15:09:02 pwd=/users/kdm/jpy/SimMPI_test/spike-train-mc out_file=/users/kdm/jpy/SimMPI_test/spike-train-mc/results/raw/missing_exprnd_fix/b0_beta2p0_sdel4p5_phase.mat nb=1 ns=1 T=500 SLURM_JOB_ID=21465095
GRID: beta_min=2 beta_max=2 beta_step=0.2 nb=1
SNAPSHOT: do_snap=1 n_snap=10000 max_snaps=10
--- ENTER ib=1/1 beta=2 ---
ib=1/1 beta=2  is=1/1 sdel=4.5 ... exp*
mean delay = 5.16795   delay std = 4.69364
xstats(min=0 max=7 mean=1) OK E=-228 acc=0.572 snaps=10
--- finished beta index 1/1 ---
ABOUT_TO_SAVE: ok_sum=1/1 E_finite=1/1 x_nnz=251/500
DIAG: spike_count_ok=1/1 refractory_ok=1/1 accept_rate finite=1/1
SNAP_DIAG: total_snaps=10 max_snaps_per_cell=10
E_final finite min/max (if any): -228 / -228
WROTE /users/kdm/jpy/SimMPI_test/spike-train-mc/results/raw/missing_exprnd_fix/b0_beta2p0_sdel4p5_Efinal.txt
ABOUT_TO_SAVE_MAT /users/kdm/jpy/SimMPI_test/spike-train-mc/results/raw/missing_exprnd_fix/b0_beta2p0_sdel4p5_phase.mat
SAVE_DONE /users/kdm/jpy/SimMPI_test/spike-train-mc/results/raw/missing_exprnd_fix/b0_beta2p0_sdel4p5_phase.mat

=== MISSING POINT 4/7: b2_beta2p4_sdel4p5 beta=2.4 sdel=4.5 seed=102401 ===
run_phase_diagram POST_AUDIT_2026-07
/users/kdm/jpy/SimMPI_test/spike-train-mc
SAVE_MODE = RAM_THEN_SAVE_V73
START 23-Jul-2026 15:20:23 pwd=/users/kdm/jpy/SimMPI_test/spike-train-mc out_file=/users/kdm/jpy/SimMPI_test/spike-train-mc/results/raw/missing_exprnd_fix/b2_beta2p4_sdel4p5_phase.mat nb=1 ns=1 T=500 SLURM_JOB_ID=21465095
GRID: beta_min=2.4 beta_max=2.4 beta_step=0.2 nb=1
SNAPSHOT: do_snap=1 n_snap=10000 max_snaps=10
--- ENTER ib=1/1 beta=2.4 ---
ib=1/1 beta=2.4  is=1/1 sdel=4.5 ... mean delay = 4.99865   delay std = 4.42165
xstats(min=0 max=7 mean=1) OK E=-251 acc=0.480 snaps=10
--- finished beta index 1/1 ---
ABOUT_TO_SAVE: ok_sum=1/1 E_finite=1/1 x_nnz=254/500
DIAG: spike_count_ok=1/1 refractory_ok=1/1 accept_rate finite=1/1
SNAP_DIAG: total_snaps=10 max_snaps_per_cell=10
E_final finite min/max (if any): -251 / -251
WROTE /users/kdm/jpy/SimMPI_test/spike-train-mc/results/raw/missing_exprnd_fix/b2_beta2p4_sdel4p5_Efinal.txt
ABOUT_TO_SAVE_MAT /users/kdm/jpy/SimMPI_test/spike-train-mc/results/raw/missing_exprnd_fix/b2_beta2p4_sdel4p5_phase.mat
SAVE_DONE /users/kdm/jpy/SimMPI_test/spike-train-mc/results/raw/missing_exprnd_fix/b2_beta2p4_sdel4p5_phase.mat

=== MISSING POINT 5/7: b2_beta4p0_sdel4p5 beta=4 sdel=4.5 seed=104001 ===
run_phase_diagram POST_AUDIT_2026-07
/users/kdm/jpy/SimMPI_test/spike-train-mc
SAVE_MODE = RAM_THEN_SAVE_V73
START 23-Jul-2026 15:31:36 pwd=/users/kdm/jpy/SimMPI_test/spike-train-mc out_file=/users/kdm/jpy/SimMPI_test/spike-train-mc/results/raw/missing_exprnd_fix/b2_beta4p0_sdel4p5_phase.mat nb=1 ns=1 T=500 SLURM_JOB_ID=21465095
GRID: beta_min=4 beta_max=4 beta_step=0.2 nb=1
SNAPSHOT: do_snap=1 n_snap=10000 max_snaps=10
--- ENTER ib=1/1 beta=4 ---
ib=1/1 beta=4  is=1/1 sdel=4.5 ... exp*
mean delay = 4.98328   delay std = 4.53006
xstats(min=0 max=8 mean=1) OK E=-334 acc=0.275 snaps=10
--- finished beta index 1/1 ---
ABOUT_TO_SAVE: ok_sum=1/1 E_finite=1/1 x_nnz=242/500
DIAG: spike_count_ok=1/1 refractory_ok=1/1 accept_rate finite=1/1
SNAP_DIAG: total_snaps=10 max_snaps_per_cell=10
E_final finite min/max (if any): -334 / -334
WROTE /users/kdm/jpy/SimMPI_test/spike-train-mc/results/raw/missing_exprnd_fix/b2_beta4p0_sdel4p5_Efinal.txt
ABOUT_TO_SAVE_MAT /users/kdm/jpy/SimMPI_test/spike-train-mc/results/raw/missing_exprnd_fix/b2_beta4p0_sdel4p5_phase.mat
SAVE_DONE /users/kdm/jpy/SimMPI_test/spike-train-mc/results/raw/missing_exprnd_fix/b2_beta4p0_sdel4p5_phase.mat

=== MISSING POINT 6/7: b4_beta4p4_sdel4p5 beta=4.4 sdel=4.5 seed=104401 ===
run_phase_diagram POST_AUDIT_2026-07
/users/kdm/jpy/SimMPI_test/spike-train-mc
SAVE_MODE = RAM_THEN_SAVE_V73
START 23-Jul-2026 15:42:56 pwd=/users/kdm/jpy/SimMPI_test/spike-train-mc out_file=/users/kdm/jpy/SimMPI_test/spike-train-mc/results/raw/missing_exprnd_fix/b4_beta4p4_sdel4p5_phase.mat nb=1 ns=1 T=500 SLURM_JOB_ID=21465095
GRID: beta_min=4.4 beta_max=4.4 beta_step=0.2 nb=1
SNAPSHOT: do_snap=1 n_snap=10000 max_snaps=10
--- ENTER ib=1/1 beta=4.4 ---
ib=1/1 beta=4.4  is=1/1 sdel=4.5 ... mean delay = 5.10251   delay std = 4.41112
xstats(min=0 max=7 mean=1) OK E=-341 acc=0.266 snaps=10
--- finished beta index 1/1 ---
ABOUT_TO_SAVE: ok_sum=1/1 E_finite=1/1 x_nnz=245/500
DIAG: spike_count_ok=1/1 refractory_ok=1/1 accept_rate finite=1/1
SNAP_DIAG: total_snaps=10 max_snaps_per_cell=10
E_final finite min/max (if any): -341 / -341
WROTE /users/kdm/jpy/SimMPI_test/spike-train-mc/results/raw/missing_exprnd_fix/b4_beta4p4_sdel4p5_Efinal.txt
ABOUT_TO_SAVE_MAT /users/kdm/jpy/SimMPI_test/spike-train-mc/results/raw/missing_exprnd_fix/b4_beta4p4_sdel4p5_phase.mat
SAVE_DONE /users/kdm/jpy/SimMPI_test/spike-train-mc/results/raw/missing_exprnd_fix/b4_beta4p4_sdel4p5_phase.mat

=== MISSING POINT 7/7: b4_beta6p0_sdel4p5 beta=6 sdel=4.5 seed=106001 ===
run_phase_diagram POST_AUDIT_2026-07
/users/kdm/jpy/SimMPI_test/spike-train-mc
SAVE_MODE = RAM_THEN_SAVE_V73
START 23-Jul-2026 15:54:08 pwd=/users/kdm/jpy/SimMPI_test/spike-train-mc out_file=/users/kdm/jpy/SimMPI_test/spike-train-mc/results/raw/missing_exprnd_fix/b4_beta6p0_sdel4p5_phase.mat nb=1 ns=1 T=500 SLURM_JOB_ID=21465095
GRID: beta_min=6 beta_max=6 beta_step=0.2 nb=1
SNAPSHOT: do_snap=1 n_snap=10000 max_snaps=10
--- ENTER ib=1/1 beta=6 ---
ib=1/1 beta=6  is=1/1 sdel=4.5 ... exp*
mean delay = 5.06329   delay std = 4.54417
xstats(min=0 max=7 mean=1) OK E=-356 acc=0.222 snaps=10
--- finished beta index 1/1 ---
ABOUT_TO_SAVE: ok_sum=1/1 E_finite=1/1 x_nnz=269/500
DIAG: spike_count_ok=1/1 refractory_ok=1/1 accept_rate finite=1/1
SNAP_DIAG: total_snaps=10 max_snaps_per_cell=10
E_final finite min/max (if any): -356 / -356
WROTE /users/kdm/jpy/SimMPI_test/spike-train-mc/results/raw/missing_exprnd_fix/b4_beta6p0_sdel4p5_Efinal.txt
ABOUT_TO_SAVE_MAT /users/kdm/jpy/SimMPI_test/spike-train-mc/results/raw/missing_exprnd_fix/b4_beta6p0_sdel4p5_phase.mat
SAVE_DONE /users/kdm/jpy/SimMPI_test/spike-train-mc/results/raw/missing_exprnd_fix/b4_beta6p0_sdel4p5_phase.mat

All missing-point reruns finished.

End: Thu Jul 23 16:05:16 CEST 2026
=== END missing exprnd rerun ===
