=== START ===
JobID: 21523018
Node:  gt0804
Start: Wed Sep  2 16:45:24 CEST 2026
CWD:   /users/kdm/jpy/SimMPI_test/spike-train-mc
Script: scripts/current/run_phase_beta_0_2.m

run_phase_diagram POST_AUDIT_2026-07
/users/kdm/jpy/SimMPI_test/spike-train-mc
SAVE_MODE = RAM_THEN_SAVE_V73
START 02-Sep-2026 16:45:32 pwd=/users/kdm/jpy/SimMPI_test/spike-train-mc out_file=/users/kdm/jpy/SimMPI_test/spike-train-mc/results/raw/beta_0_6_sparse_1M/Gphase_sparse_sdel0to4p5_beta0to2_h3_1M_phase.mat nb=5 ns=6 T=500 SLURM_JOB_ID=21523018
GRID: beta_min=0 beta_max=2 beta_step=0.5 nb=5
SNAPSHOT: do_snap=1 n_snap=100000 max_snaps=10
--- ENTER ib=1/5 beta=0 ---
ib=1/5 beta=0  is=1/6 sdel=0 ... norm*
mean delay = 5   delay std = 0
xstats(min=0 max=5 mean=1) OK E=-15 acc=1.000 snaps=10
ib=1/5 beta=0  is=2/6 sdel=0.9 ... norm*
mean delay = 5.01399   delay std = 0.899591
xstats(min=0 max=5 mean=1) OK E=-20 acc=1.000 snaps=10
ib=1/5 beta=0  is=3/6 sdel=1.8 ... mean delay = 5.02616   delay std = 1.80469
OK E=-12 acc=1.000 snaps=10
ib=1/5 beta=0  is=4/6 sdel=2.7 ... mean delay = 5.01776   delay std = 2.69717
OK E=-11 acc=1.000 snaps=10
ib=1/5 beta=0  is=5/6 sdel=3.6 ... mean delay = 4.96924   delay std = 3.61978
OK E=-21 acc=1.000 snaps=10
ib=1/5 beta=0  is=6/6 sdel=4.5 ... mean delay = 4.98712   delay std = 4.30837
OK E=-15 acc=1.000 snaps=10
--- finished beta index 1/5 ---
--- ENTER ib=2/5 beta=0.5 ---
ib=2/5 beta=0.5  is=1/6 sdel=0 ... norm*
mean delay = 5   delay std = 0
OK E=-21 acc=0.942 snaps=10
ib=2/5 beta=0.5  is=2/6 sdel=0.9 ... norm*
mean delay = 4.98713   delay std = 0.900826
OK E=-21 acc=0.940 snaps=10
ib=2/5 beta=0.5  is=3/6 sdel=1.8 ... mean delay = 4.95531   delay std = 1.81895
OK E=-18 acc=0.939 snaps=10
ib=2/5 beta=0.5  is=4/6 sdel=2.7 ... mean delay = 5.05459   delay std = 2.73498
OK E=-33 acc=0.938 snaps=10
ib=2/5 beta=0.5  is=5/6 sdel=3.6 ... mean delay = 4.97223   delay std = 3.60065
OK E=-28 acc=0.941 snaps=10
ib=2/5 beta=0.5  is=6/6 sdel=4.5 ... mean delay = 4.99535   delay std = 4.5161
OK E=-27 acc=0.938 snaps=10
--- finished beta index 2/5 ---
--- ENTER ib=3/5 beta=1 ---
ib=3/5 beta=1  is=1/6 sdel=0 ... norm*
mean delay = 5   delay std = 0
OK E=-46 acc=0.846 snaps=10
ib=3/5 beta=1  is=2/6 sdel=0.9 ... norm*
mean delay = 5.03089   delay std = 0.90028
OK E=-37 acc=0.858 snaps=10
ib=3/5 beta=1  is=3/6 sdel=1.8 ... mean delay = 4.99223   delay std = 1.83401
OK E=-41 acc=0.853 snaps=10
ib=3/5 beta=1  is=4/6 sdel=2.7 ... mean delay = 5.05157   delay std = 2.67371
OK E=-30 acc=0.851 snaps=10
ib=3/5 beta=1  is=5/6 sdel=3.6 ... mean delay = 5.0007   delay std = 3.60423
OK E=-30 acc=0.862 snaps=10
ib=3/5 beta=1  is=6/6 sdel=4.5 ... mean delay = 5.0017   delay std = 4.49643
OK E=-44 acc=0.853 snaps=10
--- finished beta index 3/5 ---
--- ENTER ib=4/5 beta=1.5 ---
ib=4/5 beta=1.5  is=1/6 sdel=0 ... norm*
mean delay = 5   delay std = 0
OK E=-102 acc=0.709 snaps=10
ib=4/5 beta=1.5  is=2/6 sdel=0.9 ... norm*
mean delay = 5.02453   delay std = 0.900754
OK E=-89 acc=0.736 snaps=10
ib=4/5 beta=1.5  is=3/6 sdel=1.8 ... mean delay = 4.99485   delay std = 1.81967
OK E=-95 acc=0.726 snaps=10
ib=4/5 beta=1.5  is=4/6 sdel=2.7 ... mean delay = 4.97609   delay std = 2.67811
OK E=-98 acc=0.721 snaps=10
ib=4/5 beta=1.5  is=5/6 sdel=3.6 ... mean delay = 4.9516   delay std = 3.59976
OK E=-81 acc=0.715 snaps=10
ib=4/5 beta=1.5  is=6/6 sdel=4.5 ... mean delay = 4.85124   delay std = 4.19518
OK E=-83 acc=0.712 snaps=10
--- finished beta index 4/5 ---
--- ENTER ib=5/5 beta=2 ---
ib=5/5 beta=2  is=1/6 sdel=0 ... norm*
mean delay = 5   delay std = 0
OK E=-245 acc=0.523 snaps=10
ib=5/5 beta=2  is=2/6 sdel=0.9 ... norm*
mean delay = 4.97024   delay std = 0.900455
OK E=-256 acc=0.540 snaps=10
ib=5/5 beta=2  is=3/6 sdel=1.8 ... mean delay = 5.01983   delay std = 1.84527
OK E=-272 acc=0.537 snaps=10
ib=5/5 beta=2  is=4/6 sdel=2.7 ... mean delay = 5.07437   delay std = 2.76635
OK E=-193 acc=0.545 snaps=10
ib=5/5 beta=2  is=5/6 sdel=3.6 ... mean delay = 4.96439   delay std = 3.62393
OK E=-258 acc=0.535 snaps=10
ib=5/5 beta=2  is=6/6 sdel=4.5 ... exp*
mean delay = 4.96344   delay std = 4.44761
OK E=-212 acc=0.548 snaps=10
--- finished beta index 5/5 ---
ABOUT_TO_SAVE: ok_sum=30/30 E_finite=30/30 x_nnz=9030/15000
DIAG: spike_count_ok=30/30 refractory_ok=30/30 accept_rate finite=30/30
SNAP_DIAG: total_snaps=300 max_snaps_per_cell=10
E_final finite min/max (if any): -272 / -11
WROTE /users/kdm/jpy/SimMPI_test/spike-train-mc/results/raw/beta_0_6_sparse_1M/Gphase_sparse_sdel0to4p5_beta0to2_h3_1M_Efinal.txt
ABOUT_TO_SAVE_MAT /users/kdm/jpy/SimMPI_test/spike-train-mc/results/raw/beta_0_6_sparse_1M/Gphase_sparse_sdel0to4p5_beta0to2_h3_1M_phase.mat
SAVE_DONE /users/kdm/jpy/SimMPI_test/spike-train-mc/results/raw/beta_0_6_sparse_1M/Gphase_sparse_sdel0to4p5_beta0to2_h3_1M_phase.mat

End: Sat Sep  5 00:55:41 CEST 2026
=== END ===
